// Jest Snapshot v1, https://goo.gl/fbAQLP

exports[`App process button callback 1`] = `
<div>
  InVision T
</div>
`;

exports[`App renders renders and initializes TrelloPowerUp 1`] = `
<div>
  InVision T
</div>
`;

exports[`App should initialize card button 1`] = `
<div>
  InVision T
</div>
`;

exports[`App should initialize card section with attachments 1`] = `
<div>
  InVision T
</div>
`;

exports[`App should not innitialize card section with attachments 1`] = `
<div>
  InVision T
</div>
`;
